
> Configure project :app
WARNING: The option setting 'android.overridePathCheck=true' is experimental.
The current default is 'false'.

> Task :app:preBuild UP-TO-DATE
> Task :app:preDebugBuild UP-TO-DATE
> Task :app:mergeDebugNativeDebugMetadata NO-SOURCE
> Task :app:dataBindingMergeDependencyArtifactsDebug UP-TO-DATE
> Task :app:generateDebugResources UP-TO-DATE
> Task :app:processDebugGoogleServices UP-TO-DATE
> Task :app:mergeDebugResources UP-TO-DATE
> Task :app:packageDebugResources UP-TO-DATE
> Task :app:processDebugNavigationResources UP-TO-DATE
> Task :app:parseDebugLocalResources UP-TO-DATE
> Task :app:dataBindingGenBaseClassesDebug UP-TO-DATE
> Task :app:generateDebugRFile UP-TO-DATE
> Task :app:compileDebugKotlin NO-SOURCE
> Task :app:javaPreCompileDebug UP-TO-DATE

> Task :app:compileDebugJavaWithJavac
.\gradlew : 
D:\VibeTix-App\app\src\main\java\com\example\vibetix\Activities\Organizer\CreateEditEventActivity.java:441: error: 
cannot find symbol
At line:1 char:109
+ ... _HOME\bin;$env:PATH"; .\gradlew assembleDebug > build_errors.txt 2>&1
+                           ~~~~~~~~~~~~~~~~~~~~~~~~~~~~~~~~~~~~~~~~~~~~~~~
    + CategoryInfo          : NotSpecified: (D:\VibeTix-App\...not find symbol:String) [], RemoteException
    + FullyQualifiedErrorId : NativeCommandError
 
        if (event.getCategoryId() != null && ddCategory != null) {
                 ^
  symbol:   method getCategoryId()
  location: variable event of type Event
D:\VibeTix-App\app\src\main\java\com\example\vibetix\Activities\Organizer\CreateEditEventActivity.java:443: error: 
cannot find symbol
                if (cat.getCategoryId().equals(event.getCategoryId())) {
                                                    ^
  symbol:   method getCategoryId()
  location: variable event of type Event
D:\VibeTix-App\app\src\main\java\com\example\vibetix\Activities\Organizer\CreateEditEventActivity.java:452: error: 
cannot find symbol
        if (event.getVenueId() != null && !event.getVenueId().isEmpty()) {
                 ^
  symbol:   method getVenueId()
  location: variable event of type Event
D:\VibeTix-App\app\src\main\java\com\example\vibetix\Activities\Organizer\CreateEditEventActivity.java:452: error: 
cannot find symbol
        if (event.getVenueId() != null && !event.getVenueId().isEmpty()) {
                                                ^
  symbol:   method getVenueId()
  location: variable event of type Event
D:\VibeTix-App\app\src\main\java\com\example\vibetix\Activities\Organizer\CreateEditEventActivity.java:453: error: 
cannot find symbol
            db.collection(FirebaseCollections.VENUES).document(event.getVenueId()).get()
                                                                    ^
  symbol:   method getVenueId()
  location: variable event of type Event
D:\VibeTix-App\app\src\main\java\com\example\vibetix\Activities\Organizer\CreateEditEventActivity.java:476: error: 
cannot find symbol
        if (ivEventPoster != null && event.getPosterUrl() != null) {
                                          ^
  symbol:   method getPosterUrl()
  location: variable event of type Event
D:\VibeTix-App\app\src\main\java\com\example\vibetix\Activities\Organizer\CreateEditEventActivity.java:477: error: 
cannot find symbol
            Glide.with(this).load(event.getPosterUrl()).into(ivEventPoster);
                                       ^
  symbol:   method getPosterUrl()
  location: variable event of type Event
D:\VibeTix-App\app\src\main\java\com\example\vibetix\Activities\Organizer\CreateEditEventActivity.java:558: error: 
cannot find symbol
            String existingPoster = editingEvent != null ? editingEvent.getPosterUrl() : null;
                                                                       ^
  symbol:   method getPosterUrl()
  location: variable editingEvent of type Event
D:\VibeTix-App\app\src\main\java\com\example\vibetix\Activities\Organizer\CreateEditEventActivity.java:590: error: 
cannot find symbol
        String venueId = (editingEvent != null && editingEvent.getVenueId() != null && 
!editingEvent.getVenueId().isEmpty()) ? editingEvent.getVenueId() : UUID.randomUUID().toString();
                                                              ^
  symbol:   method getVenueId()
  location: variable editingEvent of type Event
D:\VibeTix-App\app\src\main\java\com\example\vibetix\Activities\Organizer\CreateEditEventActivity.java:590: error: 
cannot find symbol
        String venueId = (editingEvent != null && editingEvent.getVenueId() != null && 
!editingEvent.getVenueId().isEmpty()) ? editingEvent.getVenueId() : UUID.randomUUID().toString();
                                                                                                    ^
  symbol:   method getVenueId()
  location: variable editingEvent of type Event
D:\VibeTix-App\app\src\main\java\com\example\vibetix\Activities\Organizer\CreateEditEventActivity.java:590: error: 
cannot find symbol
        String venueId = (editingEvent != null && editingEvent.getVenueId() != null && 
!editingEvent.getVenueId().isEmpty()) ? editingEvent.getVenueId() : UUID.randomUUID().toString();
                                                                                                                       
                    ^
  symbol:   method getVenueId()
  location: variable editingEvent of type Event
D:\VibeTix-App\app\src\main\java\com\example\vibetix\Activities\Organizer\CreateEditEventActivity.java:618: error: 
cannot find symbol
        event.setEventId(eventId);
             ^
  symbol:   method setEventId(String)
  location: variable event of type Event
D:\VibeTix-App\app\src\main\java\com\example\vibetix\Activities\Organizer\CreateEditEventActivity.java:619: error: 
cannot find symbol
        event.setVenueId(venueId);
             ^
  symbol:   method setVenueId(String)
  location: variable event of type Event
D:\VibeTix-App\app\src\main\java\com\example\vibetix\Activities\Organizer\CreateEditEventActivity.java:621: error: 
cannot find symbol
        event.setUserId(userId);
             ^
  symbol:   method setUserId(String)
  location: variable event of type Event
D:\VibeTix-App\app\src\main\java\com\example\vibetix\Activities\Organizer\CreateEditEventActivity.java:634: error: 
cannot find symbol
        event.setPosterUrl(posterUrl);
             ^
  symbol:   method setPosterUrl(String)
  location: variable event of type Event
D:\VibeTix-App\app\src\main\java\com\example\vibetix\Activities\Organizer\CreateEditEventActivity.java:636: error: 
cannot find symbol
            event.setCategoryId(selectedCategory.getCategoryId());
                 ^
  symbol:   method setCategoryId(String)
  location: variable event of type Event
D:\VibeTix-App\app\src\main\java\com\example\vibetix\Activities\Organizer\CreateEditEventActivity.java:638: error: 
cannot find symbol
            event.setCategoryId(editingEvent.getCategoryId());
                                            ^
  symbol:   method getCategoryId()
  location: variable editingEvent of type Event
D:\VibeTix-App\app\src\main\java\com\example\vibetix\Repositories\EventRepository.java:24: error: cannot find symbol
                .document(event.getEventId())
                               ^
  symbol:   method getEventId()
  location: variable event of type Event
D:\VibeTix-App\app\src\main\java\com\example\vibetix\Repositories\EventRepository.java:33: error: cannot find symbol
                .document(event.getEventId())
                               ^
  symbol:   method getEventId()
  location: variable event of type Event
D:\VibeTix-App\app\src\main\java\com\example\vibetix\Activities\Organizer\EventHubActivity.java:319: error: cannot 
find symbol
                        String venueId = event.getVenueId();
                                              ^
  symbol:   method getVenueId()
  location: variable event of type Event
D:\VibeTix-App\app\src\main\java\com\example\vibetix\Activities\Organizer\EventHubActivity.java:349: error: cannot 
find symbol
                    if (ivEventPoster != null && event.getPosterUrl() != null) {
                                                      ^
  symbol:   method getPosterUrl()
  location: variable event of type Event
D:\VibeTix-App\app\src\main\java\com\example\vibetix\Activities\Organizer\EventHubActivity.java:351: error: cannot 
find symbol
                                .load(event.getPosterUrl())
                                           ^
  symbol:   method getPosterUrl()
  location: variable event of type Event
D:\VibeTix-App\app\src\main\java\com\example\vibetix\Activities\User\EventDetailActivity.java:151: error: cannot find 
symbol
            if (event.getPosterUrl() != null && !event.getPosterUrl().isEmpty()) {
                     ^
  symbol:   method getPosterUrl()
  location: variable event of type Event
D:\VibeTix-App\app\src\main\java\com\example\vibetix\Activities\User\EventDetailActivity.java:151: error: cannot find 
symbol
            if (event.getPosterUrl() != null && !event.getPosterUrl().isEmpty()) {
                                                      ^
  symbol:   method getPosterUrl()
  location: variable event of type Event
D:\VibeTix-App\app\src\main\java\com\example\vibetix\Activities\User\EventDetailActivity.java:152: error: cannot find 
symbol
                Glide.with(this).load(event.getPosterUrl()).centerCrop().into(ivPoster);
                                           ^
  symbol:   method getPosterUrl()
  location: variable event of type Event
D:\VibeTix-App\app\src\main\java\com\example\vibetix\Adapters\Organizer\EventDashboardAdapter.java:139: error: cannot 
find symbol
                case APPROVED: case ONGOING:
                     ^
  symbol:   variable APPROVED
  location: class EventDashboardAdapter
D:\VibeTix-App\app\src\main\java\com\example\vibetix\Adapters\Organizer\EventDashboardAdapter.java:139: error: cannot 
find symbol
                case APPROVED: case ONGOING:
                                    ^
  symbol:   variable ONGOING
  location: class EventDashboardAdapter
D:\VibeTix-App\app\src\main\java\com\example\vibetix\Adapters\Organizer\EventDashboardAdapter.java:140: error: cannot 
find symbol
                    holder.tvStatusBadge.setText("ΓùÅ " + event.getStatus().name());
                                                                         ^
  symbol:   method name()
  location: class String
D:\VibeTix-App\app\src\main\java\com\example\vibetix\Adapters\Organizer\EventDashboardAdapter.java:144: error: cannot 
find symbol
                case PENDING:
                     ^
  symbol:   variable PENDING
  location: class EventDashboardAdapter
D:\VibeTix-App\app\src\main\java\com\example\vibetix\Adapters\Organizer\EventDashboardAdapter.java:149: error: cannot 
find symbol
                case CANCELLED:
                     ^
  symbol:   variable CANCELLED
  location: class EventDashboardAdapter
D:\VibeTix-App\app\src\main\java\com\example\vibetix\Adapters\Organizer\EventDashboardAdapter.java:193: error: cannot 
find symbol
                .load(event.getPosterUrl())
                           ^
  symbol:   method getPosterUrl()
  location: variable event of type Event
D:\VibeTix-App\app\src\main\java\com\example\vibetix\Adapters\Organizer\OrganizerEventCardAdapter.java:82: error: 
cannot find symbol
        if (event.getPosterUrl() != null && !event.getPosterUrl().isEmpty()) {
                 ^
  symbol:   method getPosterUrl()
  location: variable event of type Event
D:\VibeTix-App\app\src\main\java\com\example\vibetix\Adapters\Organizer\OrganizerEventCardAdapter.java:82: error: 
cannot find symbol
        if (event.getPosterUrl() != null && !event.getPosterUrl().isEmpty()) {
                                                  ^
  symbol:   method getPosterUrl()
  location: variable event of type Event
D:\VibeTix-App\app\src\main\java\com\example\vibetix\Adapters\Organizer\OrganizerEventCardAdapter.java:84: error: 
cannot find symbol
                    .load(event.getPosterUrl())
                               ^
  symbol:   method getPosterUrl()
  location: variable event of type Event
D:\VibeTix-App\app\src\main\java\com\example\vibetix\Fragments\Organizer\MyEventsListFragment.java:274: error: cannot 
find symbol
        sessionManager.setActiveEvent(event.getEventId(), role);
                                           ^
  symbol:   method getEventId()
  location: variable event of type Event
D:\VibeTix-App\app\src\main\java\com\example\vibetix\Fragments\Organizer\MyEventsListFragment.java:278: error: cannot 
find symbol
        intent.putExtra(EventHubActivity.EXTRA_EVENT_ID, event.getEventId());
                                                              ^
  symbol:   method getEventId()
  location: variable event of type Event
D:\VibeTix-App\app\src\main\java\com\example\vibetix\Fragments\User\AllEventsFragment.java:97: error: cannot find 
symbol
                intent.putExtra("event_id", event.getEventId());
                                                 ^
  symbol:   method getEventId()
  location: variable event of type Event
D:\VibeTix-App\app\src\main\java\com\example\vibetix\Fragments\User\AllEventsFragment.java:155: error: cannot find 
symbol
                                if (event.getEventId() == null) event.setEventId(doc.getId());
                                         ^
  symbol:   method getEventId()
  location: variable event of type Event
D:\VibeTix-App\app\src\main\java\com\example\vibetix\Fragments\User\AllEventsFragment.java:155: error: cannot find 
symbol
                                if (event.getEventId() == null) event.setEventId(doc.getId());
                                                                     ^
  symbol:   method setEventId(String)
  location: variable event of type Event
D:\VibeTix-App\app\src\main\java\com\example\vibetix\Fragments\User\EventDetailFragment.java:151: error: cannot find 
symbol
                            com.example.vibetix.Firebase.FirestoreHelper.VENUE_NAME_CACHE.put(vid, name);
                                                                        ^
  symbol:   variable VENUE_NAME_CACHE
  location: class FirestoreHelper
D:\VibeTix-App\app\src\main\java\com\example\vibetix\Fragments\User\EventDetailFragment.java:153: error: cannot find 
symbol
                            com.example.vibetix.Firebase.FirestoreHelper.VENUE_ADDRESS_CACHE.put(vid, addr);
                                                                        ^
  symbol:   variable VENUE_ADDRESS_CACHE
  location: class FirestoreHelper
D:\VibeTix-App\app\src\main\java\com\example\vibetix\Fragments\User\EventDetailFragment.java:189: error: cannot find 
symbol
        if (event.getEndDate() != null && !event.getEndDate().isEmpty()
                 ^
  symbol:   method getEndDate()
  location: variable event of type Event
D:\VibeTix-App\app\src\main\java\com\example\vibetix\Fragments\User\EventDetailFragment.java:189: error: cannot find 
symbol
        if (event.getEndDate() != null && !event.getEndDate().isEmpty()
                                                ^
  symbol:   method getEndDate()
  location: variable event of type Event
D:\VibeTix-App\app\src\main\java\com\example\vibetix\Fragments\User\EventDetailFragment.java:190: error: cannot find 
symbol
                && !event.getEndDate().equals(event.getDate())) {
                         ^
  symbol:   method getEndDate()
  location: variable event of type Event
D:\VibeTix-App\app\src\main\java\com\example\vibetix\Fragments\User\EventDetailFragment.java:191: error: cannot find 
symbol
            fullDate += " - " + event.getEndDate();
                                     ^
  symbol:   method getEndDate()
  location: variable event of type Event
D:\VibeTix-App\app\src\main\java\com\example\vibetix\Fragments\User\EventDetailFragment.java:248: error: cannot find 
symbol
        String directName = com.example.vibetix.Firebase.FirestoreHelper.CAT_NAME_MAP.get(categoryKey);
                                                                        ^
  symbol:   variable CAT_NAME_MAP
  location: class FirestoreHelper
D:\VibeTix-App\app\src\main\java\com\example\vibetix\Fragments\User\EventDetailFragment.java:254: error: cannot find 
symbol
                String name = com.example.vibetix.Firebase.FirestoreHelper.CAT_NAME_MAP.get(entry.getKey());
                                                                          ^
  symbol:   variable CAT_NAME_MAP
  location: class FirestoreHelper
Note: Some input files use or override a deprecated API.
Note: Recompile with -Xlint:deprecation for details.
Note: D:\VibeTix-App\app\src\main\java\com\example\vibetix\Firebase\HomepageLoader.java uses unchecked or unsafe 
operations.
Note: Recompile with -Xlint:unchecked for details.
47 errors

> Task :app:compileDebugJavaWithJavac FAILED

[Incubating] Problems report is available at: file:///D:/VibeTix-App/build/reports/problems/problems-report.html

FAILURE: Build failed with an exception.

* What went wrong:
Execution failed for task ':app:compileDebugJavaWithJavac'.
> Compilation failed; see the compiler output below.
  Note: Recompile with -Xlint:deprecation for details.
  Note: D:\VibeTix-App\app\src\main\java\com\example\vibetix\Firebase\HomepageLoader.java uses unchecked or unsafe 
operations.
  D:\VibeTix-App\app\src\main\java\com\example\vibetix\Adapters\Organizer\EventDashboardAdapter.java:139: error: 
cannot find symbol
                  case APPROVED: case ONGOING:
                       ^
    symbol:   variable APPROVED
    location: class EventDashboardAdapter
  D:\VibeTix-App\app\src\main\java\com\example\vibetix\Adapters\Organizer\EventDashboardAdapter.java:139: error: 
cannot find symbol
                  case APPROVED: case ONGOING:
                                      ^
    symbol:   variable ONGOING
    location: class EventDashboardAdapter
  D:\VibeTix-App\app\src\main\java\com\example\vibetix\Adapters\Organizer\EventDashboardAdapter.java:144: error: 
cannot find symbol
                  case PENDING:
                       ^
    symbol:   variable PENDING
    location: class EventDashboardAdapter
  D:\VibeTix-App\app\src\main\java\com\example\vibetix\Adapters\Organizer\EventDashboardAdapter.java:149: error: 
cannot find symbol
                  case CANCELLED:
                       ^
    symbol:   variable CANCELLED
    location: class EventDashboardAdapter
  D:\VibeTix-App\app\src\main\java\com\example\vibetix\Fragments\User\EventDetailFragment.java:151: error: cannot find 
symbol
                              com.example.vibetix.Firebase.FirestoreHelper.VENUE_NAME_CACHE.put(vid, name);
                                                                          ^
    symbol:   variable VENUE_NAME_CACHE
    location: class FirestoreHelper
  D:\VibeTix-App\app\src\main\java\com\example\vibetix\Fragments\User\EventDetailFragment.java:153: error: cannot find 
symbol
                              com.example.vibetix.Firebase.FirestoreHelper.VENUE_ADDRESS_CACHE.put(vid, addr);
                                                                          ^
    symbol:   variable VENUE_ADDRESS_CACHE
    location: class FirestoreHelper
  D:\VibeTix-App\app\src\main\java\com\example\vibetix\Fragments\User\EventDetailFragment.java:248: error: cannot find 
symbol
          String directName = com.example.vibetix.Firebase.FirestoreHelper.CAT_NAME_MAP.get(categoryKey);
                                                                          ^
    symbol:   variable CAT_NAME_MAP
    location: class FirestoreHelper
  D:\VibeTix-App\app\src\main\java\com\example\vibetix\Fragments\User\EventDetailFragment.java:254: error: cannot find 
symbol
                  String name = com.example.vibetix.Firebase.FirestoreHelper.CAT_NAME_MAP.get(entry.getKey());
                                                                            ^
    symbol:   variable CAT_NAME_MAP
    location: class FirestoreHelper
  Note: Recompile with -Xlint:unchecked for details.
  Note: Some input files use or override a deprecated API.
  D:\VibeTix-App\app\src\main\java\com\example\vibetix\Activities\Organizer\CreateEditEventActivity.java:441: error: 
cannot find symbol
          if (event.getCategoryId() != null && ddCategory != null) {
                   ^
    symbol:   method getCategoryId()
    location: variable event of type Event
  D:\VibeTix-App\app\src\main\java\com\example\vibetix\Activities\Organizer\CreateEditEventActivity.java:443: error: 
cannot find symbol
                  if (cat.getCategoryId().equals(event.getCategoryId())) {
                                                      ^
    symbol:   method getCategoryId()
    location: variable event of type Event
  D:\VibeTix-App\app\src\main\java\com\example\vibetix\Activities\Organizer\CreateEditEventActivity.java:452: error: 
cannot find symbol
          if (event.getVenueId() != null && !event.getVenueId().isEmpty()) {
                   ^
    symbol:   method getVenueId()
    location: variable event of type Event
  D:\VibeTix-App\app\src\main\java\com\example\vibetix\Activities\Organizer\CreateEditEventActivity.java:452: error: 
cannot find symbol
          if (event.getVenueId() != null && !event.getVenueId().isEmpty()) {
                                                  ^
    symbol:   method getVenueId()
    location: variable event of type Event
  D:\VibeTix-App\app\src\main\java\com\example\vibetix\Activities\Organizer\CreateEditEventActivity.java:453: error: 
cannot find symbol
              db.collection(FirebaseCollections.VENUES).document(event.getVenueId()).get()
                                                                      ^
    symbol:   method getVenueId()
    location: variable event of type Event
  D:\VibeTix-App\app\src\main\java\com\example\vibetix\Activities\Organizer\CreateEditEventActivity.java:476: error: 
cannot find symbol
          if (ivEventPoster != null && event.getPosterUrl() != null) {
                                            ^
    symbol:   method getPosterUrl()
    location: variable event of type Event
  D:\VibeTix-App\app\src\main\java\com\example\vibetix\Activities\Organizer\CreateEditEventActivity.java:477: error: 
cannot find symbol
              Glide.with(this).load(event.getPosterUrl()).into(ivEventPoster);
                                         ^
    symbol:   method getPosterUrl()
    location: variable event of type Event
  D:\VibeTix-App\app\src\main\java\com\example\vibetix\Activities\Organizer\CreateEditEventActivity.java:558: error: 
cannot find symbol
              String existingPoster = editingEvent != null ? editingEvent.getPosterUrl() : null;
                                                                         ^
    symbol:   method getPosterUrl()
    location: variable editingEvent of type Event
  D:\VibeTix-App\app\src\main\java\com\example\vibetix\Activities\Organizer\CreateEditEventActivity.java:590: error: 
cannot find symbol
          String venueId = (editingEvent != null && editingEvent.getVenueId() != null && 
!editingEvent.getVenueId().isEmpty()) ? editingEvent.getVenueId() : UUID.randomUUID().toString();
                                                                ^
    symbol:   method getVenueId()
    location: variable editingEvent of type Event
  D:\VibeTix-App\app\src\main\java\com\example\vibetix\Activities\Organizer\CreateEditEventActivity.java:590: error: 
cannot find symbol
          String venueId = (editingEvent != null && editingEvent.getVenueId() != null && 
!editingEvent.getVenueId().isEmpty()) ? editingEvent.getVenueId() : UUID.randomUUID().toString();
                                                                                                      ^
    symbol:   method getVenueId()
    location: variable editingEvent of type Event
  D:\VibeTix-App\app\src\main\java\com\example\vibetix\Activities\Organizer\CreateEditEventActivity.java:590: error: 
cannot find symbol
          String venueId = (editingEvent != null && editingEvent.getVenueId() != null && 
!editingEvent.getVenueId().isEmpty()) ? editingEvent.getVenueId() : UUID.randomUUID().toString();
                                                                                                                       
                      ^
    symbol:   method getVenueId()
    location: variable editingEvent of type Event
  D:\VibeTix-App\app\src\main\java\com\example\vibetix\Activities\Organizer\CreateEditEventActivity.java:618: error: 
cannot find symbol
          event.setEventId(eventId);
               ^
    symbol:   method setEventId(String)
    location: variable event of type Event
  D:\VibeTix-App\app\src\main\java\com\example\vibetix\Activities\Organizer\CreateEditEventActivity.java:619: error: 
cannot find symbol
          event.setVenueId(venueId);
               ^
    symbol:   method setVenueId(String)
    location: variable event of type Event
  D:\VibeTix-App\app\src\main\java\com\example\vibetix\Activities\Organizer\CreateEditEventActivity.java:621: error: 
cannot find symbol
          event.setUserId(userId);
               ^
    symbol:   method setUserId(String)
    location: variable event of type Event
  D:\VibeTix-App\app\src\main\java\com\example\vibetix\Activities\Organizer\CreateEditEventActivity.java:634: error: 
cannot find symbol
          event.setPosterUrl(posterUrl);
               ^
    symbol:   method setPosterUrl(String)
    location: variable event of type Event
  D:\VibeTix-App\app\src\main\java\com\example\vibetix\Activities\Organizer\CreateEditEventActivity.java:636: error: 
cannot find symbol
              event.setCategoryId(selectedCategory.getCategoryId());
                   ^
    symbol:   method setCategoryId(String)
    location: variable event of type Event
  D:\VibeTix-App\app\src\main\java\com\example\vibetix\Activities\Organizer\CreateEditEventActivity.java:638: error: 
cannot find symbol
              event.setCategoryId(editingEvent.getCategoryId());
                                              ^
    symbol:   method getCategoryId()
    location: variable editingEvent of type Event
  D:\VibeTix-App\app\src\main\java\com\example\vibetix\Repositories\EventRepository.java:24: error: cannot find symbol
                  .document(event.getEventId())
                                 ^
    symbol:   method getEventId()
    location: variable event of type Event
  D:\VibeTix-App\app\src\main\java\com\example\vibetix\Repositories\EventRepository.java:33: error: cannot find symbol
                  .document(event.getEventId())
                                 ^
    symbol:   method getEventId()
    location: variable event of type Event
  D:\VibeTix-App\app\src\main\java\com\example\vibetix\Activities\Organizer\EventHubActivity.java:319: error: cannot 
find symbol
                          String venueId = event.getVenueId();
                                                ^
    symbol:   method getVenueId()
    location: variable event of type Event
  D:\VibeTix-App\app\src\main\java\com\example\vibetix\Activities\Organizer\EventHubActivity.java:349: error: cannot 
find symbol
                      if (ivEventPoster != null && event.getPosterUrl() != null) {
                                                        ^
    symbol:   method getPosterUrl()
    location: variable event of type Event
  D:\VibeTix-App\app\src\main\java\com\example\vibetix\Activities\Organizer\EventHubActivity.java:351: error: cannot 
find symbol
                                  .load(event.getPosterUrl())
                                             ^
    symbol:   method getPosterUrl()
    location: variable event of type Event
  D:\VibeTix-App\app\src\main\java\com\example\vibetix\Activities\User\EventDetailActivity.java:151: error: cannot 
find symbol
              if (event.getPosterUrl() != null && !event.getPosterUrl().isEmpty()) {
                       ^
    symbol:   method getPosterUrl()
    location: variable event of type Event
  D:\VibeTix-App\app\src\main\java\com\example\vibetix\Activities\User\EventDetailActivity.java:151: error: cannot 
find symbol
              if (event.getPosterUrl() != null && !event.getPosterUrl().isEmpty()) {
                                                        ^
    symbol:   method getPosterUrl()
    location: variable event of type Event
  D:\VibeTix-App\app\src\main\java\com\example\vibetix\Activities\User\EventDetailActivity.java:152: error: cannot 
find symbol
                  Glide.with(this).load(event.getPosterUrl()).centerCrop().into(ivPoster);
                                             ^
    symbol:   method getPosterUrl()
    location: variable event of type Event
  D:\VibeTix-App\app\src\main\java\com\example\vibetix\Adapters\Organizer\EventDashboardAdapter.java:140: error: 
cannot find symbol
                      holder.tvStatusBadge.setText("ΓùÅ " + event.getStatus().name());
                                                                           ^
    symbol:   method name()
    location: class String
  D:\VibeTix-App\app\src\main\java\com\example\vibetix\Adapters\Organizer\EventDashboardAdapter.java:193: error: 
cannot find symbol
                  .load(event.getPosterUrl())
                             ^
    symbol:   method getPosterUrl()
    location: variable event of type Event
  D:\VibeTix-App\app\src\main\java\com\example\vibetix\Adapters\Organizer\OrganizerEventCardAdapter.java:82: error: 
cannot find symbol
          if (event.getPosterUrl() != null && !event.getPosterUrl().isEmpty()) {
                   ^
    symbol:   method getPosterUrl()
    location: variable event of type Event
  D:\VibeTix-App\app\src\main\java\com\example\vibetix\Adapters\Organizer\OrganizerEventCardAdapter.java:82: error: 
cannot find symbol
          if (event.getPosterUrl() != null && !event.getPosterUrl().isEmpty()) {
                                                    ^
    symbol:   method getPosterUrl()
    location: variable event of type Event
  D:\VibeTix-App\app\src\main\java\com\example\vibetix\Adapters\Organizer\OrganizerEventCardAdapter.java:84: error: 
cannot find symbol
                      .load(event.getPosterUrl())
                                 ^
    symbol:   method getPosterUrl()
    location: variable event of type Event
  D:\VibeTix-App\app\src\main\java\com\example\vibetix\Fragments\Organizer\MyEventsListFragment.java:274: error: 
cannot find symbol
          sessionManager.setActiveEvent(event.getEventId(), role);
                                             ^
    symbol:   method getEventId()
    location: variable event of type Event
  D:\VibeTix-App\app\src\main\java\com\example\vibetix\Fragments\Organizer\MyEventsListFragment.java:278: error: 
cannot find symbol
          intent.putExtra(EventHubActivity.EXTRA_EVENT_ID, event.getEventId());
                                                                ^
    symbol:   method getEventId()
    location: variable event of type Event
  D:\VibeTix-App\app\src\main\java\com\example\vibetix\Fragments\User\AllEventsFragment.java:97: error: cannot find 
symbol
                  intent.putExtra("event_id", event.getEventId());
                                                   ^
    symbol:   method getEventId()
    location: variable event of type Event
  D:\VibeTix-App\app\src\main\java\com\example\vibetix\Fragments\User\AllEventsFragment.java:155: error: cannot find 
symbol
                                  if (event.getEventId() == null) event.setEventId(doc.getId());
11 actionable tasks: 1 executed, 10 up-to-date
                                           ^
    symbol:   method getEventId()
    location: variable event of type Event
  D:\VibeTix-App\app\src\main\java\com\example\vibetix\Fragments\User\AllEventsFragment.java:155: error: cannot find 
symbol
                                  if (event.getEventId() == null) event.setEventId(doc.getId());
                                                                       ^
    symbol:   method setEventId(String)
    location: variable event of type Event
  D:\VibeTix-App\app\src\main\java\com\example\vibetix\Fragments\User\EventDetailFragment.java:189: error: cannot find 
symbol
          if (event.getEndDate() != null && !event.getEndDate().isEmpty()
                   ^
    symbol:   method getEndDate()
    location: variable event of type Event
  D:\VibeTix-App\app\src\main\java\com\example\vibetix\Fragments\User\EventDetailFragment.java:189: error: cannot find 
symbol
          if (event.getEndDate() != null && !event.getEndDate().isEmpty()
                                                  ^
    symbol:   method getEndDate()
    location: variable event of type Event
  D:\VibeTix-App\app\src\main\java\com\example\vibetix\Fragments\User\EventDetailFragment.java:190: error: cannot find 
symbol
                  && !event.getEndDate().equals(event.getDate())) {
                           ^
    symbol:   method getEndDate()
    location: variable event of type Event
  D:\VibeTix-App\app\src\main\java\com\example\vibetix\Fragments\User\EventDetailFragment.java:191: error: cannot find 
symbol
              fullDate += " - " + event.getEndDate();
                                       ^
    symbol:   method getEndDate()
    location: variable event of type Event
  47 errors

* Try:
> Check your code and dependencies to fix the compilation error(s)
> Run with --scan to get full insights from a Build Scan (powered by Develocity).

BUILD FAILED in 5s
